note: using only cached resource files
note: Running TeX ...
warning: lineno.sty:296: Invalid UTF-8 byte or sequence at line 296 replaced by U+FFFD.
warning: accessing absolute path `/System/Library/Fonts/Supplemental/Songti.ttc`; build may not be reproducible in other environments
warning: body:12: Underfull \hbox (badness 2285) in paragraph at lines 2--12
warning: body:36: Underfull \hbox (badness 1769) in paragraph at lines 26--36
warning: body:36: Underfull \hbox (badness 1009) in paragraph at lines 26--36
warning: body:175: Underfull \hbox (badness 1694) in paragraph at lines 160--175
warning: body:207: Underfull \vbox (badness 4036) has occurred while \output is active
warning: body:249: Underfull \hbox (badness 1540) in paragraph at lines 248--249
warning: body:275: Underfull \vbox (badness 10000) has occurred while \output is active
warning: body:286: Underfull \vbox (badness 10000) has occurred while \output is active
warning: body:366: Underfull \vbox (badness 10000) has occurred while \output is active
warning: Trying to include PDF file with version (1.7), which is newer than current output PDF setting (1.5).
warning: body:493: Underfull \hbox (badness 7777) in paragraph at lines 493--493
warning: body:499: Underfull \vbox (badness 10000) has occurred while \output is active
warning: body:503: Underfull \hbox (badness 2285) in paragraph at lines 502--503
warning: body:503: Underfull \hbox (badness 1867) in paragraph at lines 502--503
warning: body:534: Underfull \hbox (badness 2799) in paragraph at lines 533--534
warning: body:540: Underfull \vbox (badness 10000) has occurred while \output is active
warning: appendix:128: Underfull \hbox (badness 1024) in paragraph at lines 127--128
warning: appendix:188: Underfull \hbox (badness 2376) in paragraph at lines 187--188
warning: appendix:306: Underfull \hbox (badness 1584) in paragraph at lines 305--306
warning: appendix:425: Underfull \hbox (badness 4303) in paragraph at lines 424--425
warning: appendix:672: Underfull \hbox (badness 2359) in paragraph at lines 671--672
warning: appendix:760: Underfull \hbox (badness 6758) in paragraph at lines 759--760
warning: appendix:760: Underfull \hbox (badness 5133) in paragraph at lines 759--760
warning: appendix:893: Underfull \hbox (badness 1303) in paragraph at lines 892--893
warning: appendix:903: Underfull \hbox (badness 1303) in paragraph at lines 902--903
warning: appendix:913: Underfull \hbox (badness 1112) in paragraph at lines 912--913
warning: appendix:913: Underfull \hbox (badness 1303) in paragraph at lines 912--913
warning: appendix:924: Underfull \hbox (badness 1484) in paragraph at lines 923--924
warning: appendix:924: Underfull \hbox (badness 1681) in paragraph at lines 923--924
warning: appendix:929: Underfull \hbox (badness 1484) in paragraph at lines 928--929
warning: appendix:934: Underfull \hbox (badness 1484) in paragraph at lines 933--934
warning: appendix:964: Underfull \hbox (badness 4303) in paragraph at lines 963--964
warning: appendix:969: Underfull \hbox (badness 4303) in paragraph at lines 968--969
warning: appendix:974: Underfull \hbox (badness 4303) in paragraph at lines 973--974
warning: appendix:984: Underfull \hbox (badness 1484) in paragraph at lines 983--984
warning: appendix:984: Underfull \hbox (badness 1728) in paragraph at lines 983--984
warning: appendix:984: Underfull \hbox (badness 1112) in paragraph at lines 983--984
warning: appendix:984: Underfull \hbox (badness 1024) in paragraph at lines 983--984
warning: appendix:989: Underfull \hbox (badness 1484) in paragraph at lines 988--989
warning: appendix:994: Underfull \hbox (badness 1484) in paragraph at lines 993--994
warning: appendix_side_prompt:28: Underfull \hbox (badness 1158) in paragraph at lines 27--28
warning: appendix_side_prompt:28: Underfull \hbox (badness 1210) in paragraph at lines 27--28
note: Running BibTeX on main.aux ...
note: Rerunning TeX because bibtex was run ...
warning: lineno.sty:296: Invalid UTF-8 byte or sequence at line 296 replaced by U+FFFD.
warning: body:12: Underfull \hbox (badness 2285) in paragraph at lines 2--12
warning: body:36: Underfull \hbox (badness 1769) in paragraph at lines 26--36
warning: body:36: Underfull \hbox (badness 1009) in paragraph at lines 26--36
warning: body:175: Underfull \hbox (badness 1694) in paragraph at lines 160--175
warning: body:207: Underfull \vbox (badness 4036) has occurred while \output is active
warning: body:249: Underfull \hbox (badness 1540) in paragraph at lines 248--249
warning: body:275: Underfull \vbox (badness 10000) has occurred while \output is active
warning: body:286: Underfull \vbox (badness 10000) has occurred while \output is active
warning: Trying to include PDF file with version (1.7), which is newer than current output PDF setting (1.5).
warning: body:493: Underfull \hbox (badness 7777) in paragraph at lines 493--493
warning: body:499: Underfull \hbox (badness 1052) in paragraph at lines 498--499
warning: body:500: Underfull \vbox (badness 10000) has occurred while \output is active
warning: body:503: Underfull \hbox (badness 2285) in paragraph at lines 502--503
warning: body:503: Underfull \hbox (badness 1867) in paragraph at lines 502--503
warning: body:521: Underfull \vbox (badness 1436) has occurred while \output is active
warning: body:532: Underfull \vbox (badness 5288) has occurred while \output is active
warning: body:534: Underfull \hbox (badness 1769) in paragraph at lines 533--534
warning: body:534: Underfull \hbox (badness 2662) in paragraph at lines 533--534
warning: body:540: Underfull \vbox (badness 10000) has occurred while \output is active
warning: main.bbl:36: Underfull \hbox (badness 1009) in paragraph at lines 30--36
warning: main.bbl:108: Underfull \hbox (badness 1590) in paragraph at lines 103--108
warning: main.bbl:108: Underfull \hbox (badness 2368) in paragraph at lines 103--108
warning: main.bbl:145: Underfull \hbox (badness 1603) in paragraph at lines 140--145
warning: main.bbl:145: Underfull \hbox (badness 1132) in paragraph at lines 140--145
warning: main.bbl:192: Underfull \hbox (badness 1158) in paragraph at lines 188--192
warning: main.bbl:243: Underfull \hbox (badness 1067) in paragraph at lines 236--243
warning: main.bbl:259: Underfull \hbox (badness 1769) in paragraph at lines 254--259
warning: main.bbl:259: Underfull \hbox (badness 2781) in paragraph at lines 254--259
warning: main.bbl:319: Underfull \hbox (badness 4266) in paragraph at lines 312--319
warning: main.bbl:319: Underfull \hbox (badness 1354) in paragraph at lines 312--319
warning: appendix:128: Underfull \hbox (badness 1024) in paragraph at lines 127--128
warning: appendix:188: Underfull \hbox (badness 2376) in paragraph at lines 187--188
warning: appendix:306: Underfull \hbox (badness 1584) in paragraph at lines 305--306
warning: appendix:425: Underfull \hbox (badness 4303) in paragraph at lines 424--425
warning: appendix:672: Underfull \hbox (badness 2359) in paragraph at lines 671--672
warning: appendix:760: Underfull \hbox (badness 6758) in paragraph at lines 759--760
warning: appendix:760: Underfull \hbox (badness 5133) in paragraph at lines 759--760
warning: appendix:893: Underfull \hbox (badness 1303) in paragraph at lines 892--893
warning: appendix:903: Underfull \hbox (badness 1303) in paragraph at lines 902--903
warning: appendix:913: Underfull \hbox (badness 1112) in paragraph at lines 912--913
warning: appendix:913: Underfull \hbox (badness 1303) in paragraph at lines 912--913
warning: appendix:924: Underfull \hbox (badness 1484) in paragraph at lines 923--924
warning: appendix:924: Underfull \hbox (badness 1681) in paragraph at lines 923--924
warning: appendix:929: Underfull \hbox (badness 1484) in paragraph at lines 928--929
warning: appendix:934: Underfull \hbox (badness 1484) in paragraph at lines 933--934
warning: appendix:964: Underfull \hbox (badness 4303) in paragraph at lines 963--964
warning: appendix:969: Underfull \hbox (badness 4303) in paragraph at lines 968--969
warning: appendix:974: Underfull \hbox (badness 4303) in paragraph at lines 973--974
warning: appendix:984: Underfull \hbox (badness 1484) in paragraph at lines 983--984
warning: appendix:984: Underfull \hbox (badness 1728) in paragraph at lines 983--984
warning: appendix:984: Underfull \hbox (badness 1112) in paragraph at lines 983--984
warning: appendix:984: Underfull \hbox (badness 1024) in paragraph at lines 983--984
warning: appendix:989: Underfull \hbox (badness 1484) in paragraph at lines 988--989
warning: appendix:994: Underfull \hbox (badness 1484) in paragraph at lines 993--994
warning: appendix_side_prompt:28: Underfull \hbox (badness 1158) in paragraph at lines 27--28
warning: appendix_side_prompt:28: Underfull \hbox (badness 1210) in paragraph at lines 27--28
note: Rerunning TeX because "main.aux" changed ...
warning: lineno.sty:296: Invalid UTF-8 byte or sequence at line 296 replaced by U+FFFD.
warning: body:12: Underfull \hbox (badness 2285) in paragraph at lines 2--12
warning: body:36: Underfull \hbox (badness 1769) in paragraph at lines 26--36
warning: body:36: Underfull \hbox (badness 1009) in paragraph at lines 26--36
warning: body:51: Underfull \hbox (badness 1661) in paragraph at lines 42--51
warning: body:51: Underfull \hbox (badness 1472) in paragraph at lines 42--51
warning: body:175: Underfull \hbox (badness 2042) in paragraph at lines 160--175
warning: body:175: Underfull \hbox (badness 2393) in paragraph at lines 160--175
warning: body:197: Underfull \vbox (badness 10000) has occurred while \output is active
warning: body:247: Underfull \vbox (badness 10000) has occurred while \output is active
warning: body:249: Underfull \hbox (badness 1540) in paragraph at lines 248--249
warning: body:249: Underfull \vbox (badness 3919) has occurred while \output is active
warning: Trying to include PDF file with version (1.7), which is newer than current output PDF setting (1.5).
warning: body:493: Underfull \hbox (badness 7777) in paragraph at lines 493--493
warning: body:499: Underfull \hbox (badness 1052) in paragraph at lines 498--499
warning: body:503: Underfull \hbox (badness 2285) in paragraph at lines 502--503
warning: body:503: Underfull \hbox (badness 1867) in paragraph at lines 502--503
warning: body:534: Underfull \hbox (badness 1769) in paragraph at lines 533--534
warning: body:534: Underfull \hbox (badness 2662) in paragraph at lines 533--534
warning: main.bbl:36: Underfull \hbox (badness 1009) in paragraph at lines 30--36
warning: main.bbl:108: Underfull \hbox (badness 1590) in paragraph at lines 103--108
warning: main.bbl:108: Underfull \hbox (badness 2368) in paragraph at lines 103--108
warning: main.bbl:145: Underfull \hbox (badness 1603) in paragraph at lines 140--145
warning: main.bbl:145: Underfull \hbox (badness 1132) in paragraph at lines 140--145
warning: main.bbl:192: Underfull \hbox (badness 1158) in paragraph at lines 188--192
warning: main.bbl:243: Underfull \hbox (badness 1067) in paragraph at lines 236--243
warning: main.bbl:259: Underfull \hbox (badness 1769) in paragraph at lines 254--259
warning: main.bbl:259: Underfull \hbox (badness 2781) in paragraph at lines 254--259
warning: main.bbl:319: Underfull \hbox (badness 4266) in paragraph at lines 312--319
warning: main.bbl:319: Underfull \hbox (badness 1354) in paragraph at lines 312--319
warning: appendix:128: Underfull \hbox (badness 1024) in paragraph at lines 127--128
warning: appendix:188: Underfull \hbox (badness 2376) in paragraph at lines 187--188
warning: appendix:306: Underfull \hbox (badness 1584) in paragraph at lines 305--306
warning: appendix:425: Underfull \hbox (badness 4303) in paragraph at lines 424--425
warning: appendix:672: Underfull \hbox (badness 2359) in paragraph at lines 671--672
warning: appendix:760: Underfull \hbox (badness 6758) in paragraph at lines 759--760
warning: appendix:760: Underfull \hbox (badness 5133) in paragraph at lines 759--760
warning: appendix:893: Underfull \hbox (badness 1303) in paragraph at lines 892--893
warning: appendix:903: Underfull \hbox (badness 1303) in paragraph at lines 902--903
warning: appendix:913: Underfull \hbox (badness 1112) in paragraph at lines 912--913
warning: appendix:913: Underfull \hbox (badness 1303) in paragraph at lines 912--913
warning: appendix:924: Underfull \hbox (badness 1484) in paragraph at lines 923--924
warning: appendix:924: Underfull \hbox (badness 1681) in paragraph at lines 923--924
warning: appendix:929: Underfull \hbox (badness 1484) in paragraph at lines 928--929
warning: appendix:934: Underfull \hbox (badness 1484) in paragraph at lines 933--934
warning: appendix:964: Underfull \hbox (badness 4303) in paragraph at lines 963--964
warning: appendix:969: Underfull \hbox (badness 4303) in paragraph at lines 968--969
warning: appendix:974: Underfull \hbox (badness 4303) in paragraph at lines 973--974
warning: appendix:984: Underfull \hbox (badness 1484) in paragraph at lines 983--984
warning: appendix:984: Underfull \hbox (badness 1728) in paragraph at lines 983--984
warning: appendix:984: Underfull \hbox (badness 1112) in paragraph at lines 983--984
warning: appendix:984: Underfull \hbox (badness 1024) in paragraph at lines 983--984
warning: appendix:989: Underfull \hbox (badness 1484) in paragraph at lines 988--989
warning: appendix:994: Underfull \hbox (badness 1484) in paragraph at lines 993--994
warning: appendix_side_prompt:28: Underfull \hbox (badness 1158) in paragraph at lines 27--28
warning: appendix_side_prompt:28: Underfull \hbox (badness 1210) in paragraph at lines 27--28
note: Rerunning TeX because "main.aux" changed ...
warning: lineno.sty:296: Invalid UTF-8 byte or sequence at line 296 replaced by U+FFFD.
warning: body:12: Underfull \hbox (badness 2285) in paragraph at lines 2--12
warning: body:36: Underfull \hbox (badness 1769) in paragraph at lines 26--36
warning: body:36: Underfull \hbox (badness 1009) in paragraph at lines 26--36
warning: body:51: Underfull \hbox (badness 1661) in paragraph at lines 42--51
warning: body:51: Underfull \hbox (badness 1472) in paragraph at lines 42--51
warning: body:175: Underfull \hbox (badness 2042) in paragraph at lines 160--175
warning: body:175: Underfull \hbox (badness 2393) in paragraph at lines 160--175
warning: body:197: Underfull \vbox (badness 10000) has occurred while \output is active
warning: body:247: Underfull \vbox (badness 10000) has occurred while \output is active
warning: body:249: Underfull \hbox (badness 1540) in paragraph at lines 248--249
warning: body:249: Underfull \vbox (badness 3919) has occurred while \output is active
warning: Trying to include PDF file with version (1.7), which is newer than current output PDF setting (1.5).
warning: body:493: Underfull \hbox (badness 7777) in paragraph at lines 493--493
warning: body:499: Underfull \hbox (badness 1052) in paragraph at lines 498--499
warning: body:503: Underfull \hbox (badness 2285) in paragraph at lines 502--503
warning: body:503: Underfull \hbox (badness 1867) in paragraph at lines 502--503
warning: body:534: Underfull \hbox (badness 1769) in paragraph at lines 533--534
warning: body:534: Underfull \hbox (badness 2662) in paragraph at lines 533--534
warning: main.bbl:36: Underfull \hbox (badness 1009) in paragraph at lines 30--36
warning: main.bbl:108: Underfull \hbox (badness 1590) in paragraph at lines 103--108
warning: main.bbl:108: Underfull \hbox (badness 2368) in paragraph at lines 103--108
warning: main.bbl:145: Underfull \hbox (badness 1603) in paragraph at lines 140--145
warning: main.bbl:145: Underfull \hbox (badness 1132) in paragraph at lines 140--145
warning: main.bbl:192: Underfull \hbox (badness 1158) in paragraph at lines 188--192
warning: main.bbl:243: Underfull \hbox (badness 1067) in paragraph at lines 236--243
warning: main.bbl:259: Underfull \hbox (badness 1769) in paragraph at lines 254--259
warning: main.bbl:259: Underfull \hbox (badness 2781) in paragraph at lines 254--259
warning: main.bbl:319: Underfull \hbox (badness 4266) in paragraph at lines 312--319
warning: main.bbl:319: Underfull \hbox (badness 1354) in paragraph at lines 312--319
warning: appendix:128: Underfull \hbox (badness 1024) in paragraph at lines 127--128
warning: appendix:188: Underfull \hbox (badness 2376) in paragraph at lines 187--188
warning: appendix:306: Underfull \hbox (badness 1584) in paragraph at lines 305--306
warning: appendix:425: Underfull \hbox (badness 4303) in paragraph at lines 424--425
warning: appendix:672: Underfull \hbox (badness 2359) in paragraph at lines 671--672
warning: appendix:760: Underfull \hbox (badness 6758) in paragraph at lines 759--760
warning: appendix:760: Underfull \hbox (badness 5133) in paragraph at lines 759--760
warning: appendix:893: Underfull \hbox (badness 1303) in paragraph at lines 892--893
warning: appendix:903: Underfull \hbox (badness 1303) in paragraph at lines 902--903
warning: appendix:913: Underfull \hbox (badness 1112) in paragraph at lines 912--913
warning: appendix:913: Underfull \hbox (badness 1303) in paragraph at lines 912--913
warning: appendix:924: Underfull \hbox (badness 1484) in paragraph at lines 923--924
warning: appendix:924: Underfull \hbox (badness 1681) in paragraph at lines 923--924
warning: appendix:929: Underfull \hbox (badness 1484) in paragraph at lines 928--929
warning: appendix:934: Underfull \hbox (badness 1484) in paragraph at lines 933--934
warning: appendix:964: Underfull \hbox (badness 4303) in paragraph at lines 963--964
warning: appendix:969: Underfull \hbox (badness 4303) in paragraph at lines 968--969
warning: appendix:974: Underfull \hbox (badness 4303) in paragraph at lines 973--974
warning: appendix:984: Underfull \hbox (badness 1484) in paragraph at lines 983--984
warning: appendix:984: Underfull \hbox (badness 1728) in paragraph at lines 983--984
warning: appendix:984: Underfull \hbox (badness 1112) in paragraph at lines 983--984
warning: appendix:984: Underfull \hbox (badness 1024) in paragraph at lines 983--984
warning: appendix:989: Underfull \hbox (badness 1484) in paragraph at lines 988--989
warning: appendix:994: Underfull \hbox (badness 1484) in paragraph at lines 993--994
warning: appendix_side_prompt:28: Underfull \hbox (badness 1158) in paragraph at lines 27--28
warning: appendix_side_prompt:28: Underfull \hbox (badness 1210) in paragraph at lines 27--28
warning: warnings were issued by the TeX engine; use --print and/or --keep-logs for details.
note: Running xdvipdfmx ...
warning: Trying to include PDF file with version (1.7), which is newer than current output PDF setting (1.5).
warning: PDF file is tagged... Ignoring tags.
note: Writing `build-local/main.blg` (196 B)
note: Writing `build-local/main.aux` (77.73046875 KiB)
note: Writing `build-local/main.log` (44.7841796875 KiB)
note: Writing `build-local/main.out` (11.7236328125 KiB)
note: Writing `build-local/main.pdf` (84.54233169555664 MiB)
note: Writing `build-local/main.bbl` (16.56640625 KiB)
note: Writing `build-local/main.synctex.gz` (503.17578125 KiB)
