\BOOKMARK [1][-]{section.1}{\376\377\000I\000n\000t\000r\000o\000d\000u\000c\000t\000i\000o\000n}{}% 1
\BOOKMARK [1][-]{section.2}{\376\377\000R\000e\000l\000a\000t\000e\000d\000\040\000w\000o\000r\000k}{}% 2
\BOOKMARK [1][-]{section.3}{\376\377\000P\000A\000C\000T\000:\000\040\000E\000v\000a\000l\000u\000a\000t\000i\000n\000g\000\040\000t\000h\000e\000\040\000C\000o\000m\000p\000l\000e\000t\000e\000\040\000V\000i\000s\000u\000a\000l\000\040\000T\000a\000r\000g\000e\000t}{}% 3
\BOOKMARK [2][-]{subsection.3.1}{\376\377\000E\000v\000a\000l\000u\000a\000t\000i\000o\000n\000\040\000o\000b\000j\000e\000c\000t\000i\000v\000e}{section.3}% 4
\BOOKMARK [2][-]{subsection.3.2}{\376\377\000T\000h\000r\000e\000e\000-\000a\000x\000i\000s\000\040\000d\000e\000f\000i\000n\000i\000t\000i\000o\000n\000s}{section.3}% 5
\BOOKMARK [2][-]{subsection.3.3}{\376\377\000A\000s\000s\000e\000s\000s\000m\000e\000n\000t\000\040\000p\000r\000o\000c\000e\000d\000u\000r\000e}{section.3}% 6
\BOOKMARK [2][-]{subsection.3.4}{\376\377\000T\000a\000r\000g\000e\000t\000\040\000a\000t\000t\000a\000i\000n\000m\000e\000n\000t}{section.3}% 7
\BOOKMARK [1][-]{section.4}{\376\377\000I\000N\000C\000E\000P\000T\000I\000O\000N\000:\000\040\000S\000e\000p\000a\000r\000a\000t\000i\000n\000g\000\040\000t\000h\000e\000\040\000O\000u\000t\000e\000r\000\040\000T\000a\000s\000k\000\040\000a\000n\000d\000\040\000I\000n\000n\000e\000r\000\040\000T\000a\000r\000g\000e\000t}{}% 8
\BOOKMARK [2][-]{subsection.4.1}{\376\377\000S\000p\000e\000c\000i\000f\000y\000\040\000t\000h\000e\000\040\000t\000a\000r\000g\000e\000t\000\040\000s\000e\000p\000a\000r\000a\000t\000e\000l\000y}{section.4}% 9
\BOOKMARK [2][-]{subsection.4.2}{\376\377\000C\000o\000n\000n\000e\000c\000t\000\040\000t\000h\000e\000\040\000c\000a\000r\000r\000i\000e\000r\000\040\000t\000o\000\040\000t\000h\000e\000\040\000s\000u\000r\000r\000o\000u\000n\000d\000i\000n\000g\000\040\000t\000a\000s\000k}{section.4}% 10
\BOOKMARK [2][-]{subsection.4.3}{\376\377\000S\000e\000p\000a\000r\000a\000t\000e\000\040\000f\000i\000g\000u\000r\000e\000\040\000r\000e\000n\000d\000e\000r\000i\000n\000g\000\040\000f\000r\000o\000m\000\040\000s\000u\000r\000f\000a\000c\000e\000\040\000t\000r\000e\000a\000t\000m\000e\000n\000t}{section.4}% 11
\BOOKMARK [2][-]{subsection.4.4}{\376\377\000C\000o\000m\000p\000o\000s\000e\000\040\000t\000h\000e\000\040\000r\000e\000q\000u\000e\000s\000t\000\040\000a\000r\000o\000u\000n\000d\000\040\000o\000n\000e\000\040\000f\000i\000g\000u\000r\000e}{section.4}% 12
\BOOKMARK [1][-]{section.5}{\376\377\000E\000x\000p\000e\000r\000i\000m\000e\000n\000t\000s}{}% 13
\BOOKMARK [2][-]{subsection.5.1}{\376\377\000E\000x\000p\000e\000r\000i\000m\000e\000n\000t\000a\000l\000\040\000s\000e\000t\000u\000p}{section.5}% 14
\BOOKMARK [2][-]{subsection.5.2}{\376\377\000G\000e\000n\000e\000r\000a\000t\000e\000d\000\040\000c\000o\000n\000t\000e\000n\000t\000\040\000a\000n\000d\000\040\000p\000o\000s\000e\000\040\000m\000a\000t\000c\000h\000i\000n\000g}{section.5}% 15
\BOOKMARK [2][-]{subsection.5.3}{\376\377\000F\000i\000g\000u\000r\000e\000\040\000r\000e\000n\000d\000e\000r\000i\000n\000g\000\040\000a\000n\000d\000\040\000c\000a\000r\000r\000i\000e\000r}{section.5}% 16
\BOOKMARK [2][-]{subsection.5.4}{\376\377\000C\000o\000n\000t\000e\000x\000t\000\040\000a\000n\000d\000\040\000t\000h\000e\000\040\000r\000e\000l\000a\000t\000i\000o\000n\000\040\000t\000o\000\040\000t\000h\000e\000\040\000t\000a\000r\000g\000e\000t}{section.5}% 17
\BOOKMARK [2][-]{subsection.5.5}{\376\377\000W\000h\000a\000t\000\040\000t\000a\000r\000g\000e\000t\000-\000b\000a\000s\000e\000d\000\040\000e\000v\000a\000l\000u\000a\000t\000i\000o\000n\000\040\000r\000e\000v\000e\000a\000l\000s}{section.5}% 18
\BOOKMARK [1][-]{section.6}{\376\377\000D\000i\000s\000c\000u\000s\000s\000i\000o\000n}{}% 19
\BOOKMARK [1][-]{section.7}{\376\377\000C\000o\000n\000c\000l\000u\000s\000i\000o\000n}{}% 20
\BOOKMARK [1][-]{appendix.A}{\376\377\000G\000e\000n\000e\000r\000a\000t\000i\000o\000n\000\040\000p\000r\000o\000m\000p\000t}{}% 21
\BOOKMARK [1][-]{appendix.B}{\376\377\000M\000a\000t\000e\000r\000i\000a\000l\000\040\000a\000s\000s\000e\000s\000s\000m\000e\000n\000t}{}% 22
\BOOKMARK [1][-]{appendix.C}{\376\377\000E\000x\000p\000o\000s\000u\000r\000e\000\040\000a\000n\000d\000\040\000p\000o\000s\000e\000\040\000a\000s\000s\000e\000s\000s\000m\000e\000n\000t}{}% 23
\BOOKMARK [1][-]{appendix.D}{\376\377\000F\000r\000o\000m\000\040\000a\000t\000t\000r\000i\000b\000u\000t\000e\000s\000\040\000t\000o\000\040\000t\000a\000r\000g\000e\000t\000\040\000a\000t\000t\000a\000i\000n\000m\000e\000n\000t}{}% 24
\BOOKMARK [1][-]{appendix.E}{\376\377\000P\000u\000b\000l\000i\000c\000\040\000e\000v\000i\000d\000e\000n\000c\000e\000\040\000o\000n\000\040\000I\000m\000a\000g\000e\0002}{}% 25
\BOOKMARK [1][-]{appendix.F}{\376\377\000P\000u\000b\000l\000i\000s\000h\000e\000d\000\040\000b\000e\000n\000c\000h\000m\000a\000r\000k\000\040\000r\000e\000s\000u\000l\000t\000s}{}% 26
\BOOKMARK [1][-]{appendix.G}{\376\377\000J\000o\000i\000n\000t\000\040\000t\000a\000r\000g\000e\000t\000\040\000e\000x\000a\000m\000p\000l\000e\000s}{}% 27
\BOOKMARK [1][-]{appendix.H}{\376\377\000A\000d\000d\000i\000t\000i\000o\000n\000a\000l\000\040\000b\000o\000d\000y\000\040\000c\000o\000n\000f\000i\000g\000u\000r\000a\000t\000i\000o\000n\000s}{}% 28
\BOOKMARK [1][-]{appendix.I}{\376\377\000M\000a\000t\000e\000r\000i\000a\000l\000\040\000a\000n\000d\000\040\000p\000r\000e\000s\000e\000n\000t\000a\000t\000i\000o\000n\000\040\000e\000x\000a\000m\000p\000l\000e\000s}{}% 29
\BOOKMARK [1][-]{appendix.J}{\376\377\000F\000i\000g\000u\000r\000e\000\040\000r\000e\000n\000d\000e\000r\000i\000n\000g\000\040\000a\000n\000d\000\040\000c\000a\000r\000r\000i\000e\000r\000\040\000c\000o\000m\000p\000a\000r\000i\000s\000o\000n}{}% 30
\BOOKMARK [1][-]{appendix.K}{\376\377\000C\000o\000n\000t\000e\000x\000t\000u\000a\000l\000\040\000d\000e\000s\000i\000g\000n\000a\000t\000i\000o\000n\000\040\000c\000o\000m\000p\000a\000r\000i\000s\000o\000n}{}% 31
\BOOKMARK [1][-]{appendix.L}{\376\377\000C\000o\000m\000p\000o\000n\000e\000n\000t\000-\000c\000o\000m\000p\000a\000r\000i\000s\000o\000n\000\040\000o\000v\000e\000r\000v\000i\000e\000w}{}% 32
\BOOKMARK [1][-]{appendix.M}{\376\377\000T\000e\000x\000t\000u\000r\000e\000-\000d\000e\000p\000t\000h\000\040\000c\000o\000m\000p\000a\000r\000i\000s\000o\000n}{}% 33
\BOOKMARK [1][-]{appendix.N}{\376\377\000C\000a\000r\000r\000i\000e\000r\000-\000f\000o\000r\000m\000\040\000c\000o\000m\000p\000a\000r\000i\000s\000o\000n}{}% 34
\BOOKMARK [1][-]{appendix.O}{\376\377\000D\000e\000t\000e\000c\000t\000o\000r\000\040\000r\000e\000s\000p\000o\000n\000s\000e\000s\000\040\000a\000c\000r\000o\000s\000s\000\040\000v\000i\000s\000u\000a\000l\000\040\000f\000o\000r\000m\000s}{}% 35
\BOOKMARK [1][-]{appendix.P}{\376\377\000D\000o\000e\000s\000\040\000t\000h\000e\000\040\000b\000a\000c\000k\000g\000r\000o\000u\000n\000d\000\040\000c\000h\000a\000n\000g\000e\000\040\000t\000h\000e\000\040\000s\000a\000f\000e\000t\000y\000\040\000s\000c\000o\000r\000e\000\040\000o\000f\000\040\000a\000n\000\040\000u\000n\000c\000h\000a\000n\000g\000e\000d\000\040\000f\000i\000g\000u\000r\000e\000?}{}% 36
\BOOKMARK [1][-]{appendix.Q}{\376\377\000P\000r\000e\000s\000e\000n\000t\000a\000t\000i\000o\000n\000-\000d\000e\000p\000e\000n\000d\000e\000n\000t\000\040\000a\000t\000t\000r\000i\000b\000u\000t\000e\000\040\000r\000e\000a\000d\000i\000n\000g\000s}{}% 37
\BOOKMARK [1][-]{appendix.R}{\376\377\000R\000e\000p\000e\000a\000t\000e\000d\000\040\000v\000i\000s\000u\000a\000l\000\040\000a\000s\000s\000e\000s\000s\000m\000e\000n\000t}{}% 38
\BOOKMARK [1][-]{appendix.S}{\376\377\000T\000e\000x\000t\000u\000r\000e\000\040\000m\000e\000a\000s\000u\000r\000e\000m\000e\000n\000t\000\040\000a\000n\000d\000\040\000r\000e\000p\000e\000a\000t\000\040\000v\000a\000r\000i\000a\000t\000i\000o\000n}{}% 39
\BOOKMARK [1][-]{appendix.T}{\376\377\000P\000i\000x\000e\000l\000\040\000c\000l\000i\000p\000p\000i\000n\000g\000\040\000i\000n\000\040\000t\000e\000x\000t\000u\000r\000e\000\040\000d\000i\000a\000g\000n\000o\000s\000t\000i\000c\000s}{}% 40
\BOOKMARK [1][-]{appendix.U}{\376\377\000M\000a\000t\000c\000h\000e\000d\000\040\000s\000t\000r\000a\000t\000e\000g\000y\000\040\000c\000o\000m\000p\000a\000r\000i\000s\000o\000n}{}% 41
\BOOKMARK [1][-]{appendix.V}{\376\377\000I\000n\000c\000e\000p\000t\000i\000o\000n\000:\000\040\000r\000e\000c\000l\000i\000n\000e\000d\000\040\000s\000i\000t\000t\000i\000n\000g}{}% 42
\BOOKMARK [1][-]{appendix.W}{\376\377\000I\000n\000c\000e\000p\000t\000i\000o\000n\000:\000\040\000s\000i\000d\000e\000-\000l\000y\000i\000n\000g}{}% 43
\BOOKMARK [1][-]{appendix.X}{\376\377\000I\000n\000c\000e\000p\000t\000i\000o\000n\000:\000\040\000o\000n\000e\000\040\000k\000n\000e\000e\000\040\000r\000a\000i\000s\000e\000d}{}% 44
\BOOKMARK [1][-]{appendix.Y}{\376\377\000A\000r\000t\000i\000s\000t\000i\000c\000\040\000r\000e\000f\000r\000a\000m\000i\000n\000g}{}% 45
\BOOKMARK [2][-]{subsection.Y.1}{\376\377\000R\000e\000c\000l\000i\000n\000e\000d\000\040\000s\000i\000t\000t\000i\000n\000g}{appendix.Y}% 46
\BOOKMARK [2][-]{subsection.Y.2}{\376\377\000S\000i\000d\000e\000-\000l\000y\000i\000n\000g}{appendix.Y}% 47
\BOOKMARK [2][-]{subsection.Y.3}{\376\377\000O\000n\000e\000\040\000k\000n\000e\000e\000\040\000r\000a\000i\000s\000e\000d}{appendix.Y}% 48
\BOOKMARK [1][-]{appendix.Z}{\376\377\000M\000a\000t\000e\000r\000i\000a\000l\000\040\000s\000u\000b\000s\000t\000i\000t\000u\000t\000i\000o\000n}{}% 49
\BOOKMARK [2][-]{subsection.Z.1}{\376\377\000R\000e\000c\000l\000i\000n\000e\000d\000\040\000s\000i\000t\000t\000i\000n\000g}{appendix.Z}% 50
\BOOKMARK [2][-]{subsection.Z.2}{\376\377\000S\000i\000d\000e\000-\000l\000y\000i\000n\000g}{appendix.Z}% 51
\BOOKMARK [2][-]{subsection.Z.3}{\376\377\000O\000n\000e\000\040\000k\000n\000e\000e\000\040\000r\000a\000i\000s\000e\000d}{appendix.Z}% 52
\BOOKMARK [1][-]{appendix.Alph27}{\376\377\000L\000i\000f\000e\000s\000t\000y\000l\000e\000\040\000c\000o\000n\000t\000e\000x\000t}{}% 53
\BOOKMARK [2][-]{subsection.Alph27.1}{\376\377\000R\000e\000c\000l\000i\000n\000e\000d\000\040\000s\000i\000t\000t\000i\000n\000g}{appendix.Alph27}% 54
\BOOKMARK [2][-]{subsection.Alph27.2}{\376\377\000S\000i\000d\000e\000-\000l\000y\000i\000n\000g}{appendix.Alph27}% 55
\BOOKMARK [2][-]{subsection.Alph27.3}{\376\377\000O\000n\000e\000\040\000k\000n\000e\000e\000\040\000r\000a\000i\000s\000e\000d}{appendix.Alph27}% 56
\BOOKMARK [1][-]{appendix.Alph28}{\376\377\000A\000r\000t\000i\000s\000t\000i\000c\000\040\000f\000r\000a\000m\000i\000n\000g\000\040\000w\000i\000t\000h\000\040\000d\000r\000a\000w\000n\000\040\000m\000a\000t\000e\000r\000i\000a\000l}{}% 57
\BOOKMARK [2][-]{subsection.Alph28.1}{\376\377\000R\000e\000c\000l\000i\000n\000e\000d\000\040\000s\000i\000t\000t\000i\000n\000g}{appendix.Alph28}% 58
\BOOKMARK [2][-]{subsection.Alph28.2}{\376\377\000S\000i\000d\000e\000-\000l\000y\000i\000n\000g}{appendix.Alph28}% 59
\BOOKMARK [2][-]{subsection.Alph28.3}{\376\377\000O\000n\000e\000\040\000k\000n\000e\000e\000\040\000r\000a\000i\000s\000e\000d}{appendix.Alph28}% 60
\BOOKMARK [1][-]{appendix.Alph29}{\376\377\000C\000o\000n\000f\000i\000g\000u\000r\000a\000t\000i\000o\000n\000\040\000c\000o\000r\000r\000e\000s\000p\000o\000n\000d\000e\000n\000c\000e\000\040\000i\000n\000\040\000t\000h\000e\000\040\000s\000h\000o\000w\000c\000a\000s\000e}{}% 61
\BOOKMARK [1][-]{appendix.Alph30}{\376\377\000H\000a\000l\000f\000t\000o\000n\000e\000-\000s\000c\000r\000e\000e\000n\000\040\000o\000r\000i\000g\000i\000n\000a\000l\000\040\000a\000n\000d\000\040\000f\000i\000g\000u\000r\000e\000\040\000p\000r\000o\000v\000e\000n\000a\000n\000c\000e}{}% 62
\BOOKMARK [1][-]{appendix.Alph31}{\376\377\000S\000i\000d\000e\000-\000l\000y\000i\000n\000g\000\040\000p\000r\000o\000m\000p\000t\000\040\000a\000n\000d\000\040\000e\000x\000a\000c\000t\000-\000m\000a\000t\000c\000h\000\040\000r\000e\000c\000o\000r\000d\000s}{}% 63
