**
(main_temp.tex
LaTeX2e <2021-11-15> patch level 1
L3 programming layer <2022-02-24> (article.cls
Document Class: article 2021/10/04 v1.4n Standard LaTeX document class
(size11.clo
File: size11.clo 2021/10/04 v1.4n Standard LaTeX file (size option)
)
\c@part=\count181
\c@section=\count182
\c@subsection=\count183
\c@subsubsection=\count184
\c@paragraph=\count185
\c@subparagraph=\count186
\c@figure=\count187
\c@table=\count188
\abovecaptionskip=\skip47
\belowcaptionskip=\skip48
\bibindent=\dimen138
) (acl.sty
Conference Style for ACL
(xcolor.sty
Package: xcolor 2021/10/31 v2.13 LaTeX color extensions (UK)
 (color.cfg
File: color.cfg 2016/01/02 v1.6 sample color configuration
)
Package xcolor Info: Driver file: xetex.def on input line 227.
 (xetex.def
File: xetex.def 2021/03/18 v5.0k Graphics/color driver for xetex
)
Package xcolor Info: Model `cmy' substituted by `cmy0' on input line 1352.
Package xcolor Info: Model `RGB' extended on input line 1368.
Package xcolor Info: Model `HTML' substituted by `rgb' on input line 1370.
Package xcolor Info: Model `Hsb' substituted by `hsb' on input line 1371.
Package xcolor Info: Model `tHsb' substituted by `hsb' on input line 1372.
Package xcolor Info: Model `HSB' substituted by `hsb' on input line 1373.
Package xcolor Info: Model `Gray' substituted by `gray' on input line 1374.
Package xcolor Info: Model `wave' substituted by `hsb' on input line 1375.
) (lineno.sty
Package: lineno 2005/11/02 line numbers on paragraphs v4.41
Invalid UTF-8 byte or sequence at line 296 replaced by U+FFFD.
\linenopenalty=\count189
\output=\toks16
\linenoprevgraf=\count190
\linenumbersep=\dimen139
\linenumberwidth=\dimen140
\c@linenumber=\count191
\c@pagewiselinenumber=\count192
\c@LN@truepage=\count193
\c@internallinenumber=\count194
\c@internallinenumbers=\count195
\quotelinenumbersep=\dimen141
\bframerule=\dimen142
\bframesep=\dimen143
\bframebox=\box50
LaTeX Info: Redefining \\ on input line 3056.
)
\cv@tmpc@=\count196
\cv@tmpc=\count197
 (etoolbox.sty
Package: etoolbox 2020/10/05 v2.5k e-TeX tools for LaTeX (JAW)
\etb@tempcnta=\count198
) (geometry.sty
Package: geometry 2020/01/02 v5.9 Page Geometry

(keyval.sty
Package: keyval 2014/10/28 v1.15 key=value parser (DPC)
\KV@toks@=\toks17
) (ifvtex.sty
Package: ifvtex 2019/10/25 v1.7 ifvtex legacy package. Use iftex instead.
 (iftex.sty
Package: iftex 2022/02/03 v1.0f TeX engine tests
))
\Gm@cnth=\count199
\Gm@cntv=\count266
\c@Gm@tempcnt=\count267
\Gm@bindingoffset=\dimen144
\Gm@wd@mp=\dimen145
\Gm@odd@mp=\dimen146
\Gm@even@mp=\dimen147
\Gm@layoutwidth=\dimen148
\Gm@layoutheight=\dimen149
\Gm@layouthoffset=\dimen150
\Gm@layoutvoffset=\dimen151
\Gm@dimlist=\toks18
)
\titlebox=\skip49
 (caption.sty
Package: caption 2022/03/01 v3.6b Customizing captions (AR)
 (caption3.sty
Package: caption3 2022/03/17 v2.3b caption3 kernel (AR)
\caption@tempdima=\dimen152
\captionmargin=\dimen153
\caption@leftmargin=\dimen154
\caption@rightmargin=\dimen155
\caption@width=\dimen156
\caption@indent=\dimen157
\caption@parindent=\dimen158
\caption@hangindent=\dimen159
Package caption Info: Standard document class detected.
)
\c@caption@flags=\count268
\c@continuedfloat=\count269
) (natbib.sty
Package: natbib 2010/09/13 8.31b (PWD, AO)
\bibhang=\skip50
\bibsep=\skip51
LaTeX Info: Redefining \cite on input line 694.
\c@NAT@ctr=\count270
) (hyperref.sty
Package: hyperref 2022-02-21 v7.00n Hypertext links for LaTeX
 (ltxcmds.sty
Package: ltxcmds 2020-05-10 v1.25 LaTeX kernel commands for general use (HO)
) (pdftexcmds.sty
Package: pdftexcmds 2020-06-27 v0.33 Utility functions of pdfTeX for LuaTeX (HO
)
 (infwarerr.sty
Package: infwarerr 2019/12/03 v1.5 Providing info/warning/error messages (HO)
)
Package pdftexcmds Info: \pdf@primitive is available.
Package pdftexcmds Info: \pdf@ifprimitive is available.
Package pdftexcmds Info: \pdfdraftmode not found.
) (kvsetkeys.sty
Package: kvsetkeys 2019/12/15 v1.18 Key value parser (HO)
)
(kvdefinekeys.sty
Package: kvdefinekeys 2019-12-19 v1.6 Define keys (HO)
) (pdfescape.sty
Package: pdfescape 2019/12/09 v1.15 Implements pdfTeX's escape features (HO)
) (hycolor.sty
Package: hycolor 2020-01-27 v1.10 Color options for hyperref/bookmark (HO)
) (letltxmacro.sty
Package: letltxmacro 2019/12/03 v1.6 Let assignment for LaTeX macros (HO)
) (auxhook.sty
Package: auxhook 2019-12-17 v1.6 Hooks for auxiliary files (HO)
) (kvoptions.sty
Package: kvoptions 2020-10-07 v3.14 Key value format for package options (HO)
)
\@linkdim=\dimen160
\Hy@linkcounter=\count271
\Hy@pagecounter=\count272
 (pd1enc.def
File: pd1enc.def 2022-02-21 v7.00n Hyperref: PDFDocEncoding definition (HO)
) (intcalc.sty
Package: intcalc 2019/12/15 v1.3 Expandable calculations with integers (HO)
) (etexcmds.sty
Package: etexcmds 2019/12/15 v1.7 Avoid name clashes with e-TeX commands (HO)
)
\Hy@SavedSpaceFactor=\count273
 (puenc.def
File: puenc.def 2022-02-21 v7.00n Hyperref: PDF Unicode definition (HO)
)
Package hyperref Info: Option `breaklinks' set `true' on input line 4018.
Package hyperref Info: Hyper figures OFF on input line 4137.
Package hyperref Info: Link nesting OFF on input line 4142.
Package hyperref Info: Hyper index ON on input line 4145.
Package hyperref Info: Plain pages OFF on input line 4152.
Package hyperref Info: Backreferencing OFF on input line 4157.
Package hyperref Info: Implicit mode ON; LaTeX internals redefined.
Package hyperref Info: Bookmarks ON on input line 4390.
\c@Hy@tempcnt=\count274

(url.sty
\Urlmuskip=\muskip16
Package: url 2013/09/16  ver 3.4  Verb mode for urls, etc.
)
LaTeX Info: Redefining \url on input line 4749.
\XeTeXLinkMargin=\dimen161
 (bitset.sty
Package: bitset 2019/12/09 v1.3 Handle bit-vector datatype (HO)
 (bigintcalc.sty
Package: bigintcalc 2019/12/15 v1.5 Expandable calculations on big integers (HO
)
))
\Fld@menulength=\count275
\Field@Width=\dimen162
\Fld@charsize=\dimen163
Package hyperref Info: Hyper figures OFF on input line 6027.
Package hyperref Info: Link nesting OFF on input line 6032.
Package hyperref Info: Hyper index ON on input line 6035.
Package hyperref Info: backreferencing OFF on input line 6042.
Package hyperref Info: Link coloring OFF on input line 6047.
Package hyperref Info: Link coloring with OCG OFF on input line 6052.
Package hyperref Info: PDF/A mode OFF on input line 6057.
LaTeX Info: Redefining \ref on input line 6097.
LaTeX Info: Redefining \pageref on input line 6101.
 (atbegshi-ltx.sty
Package: atbegshi-ltx 2021/01/10 v1.0c Emulation of the original atbegshi
package with kernel methods
)
\Hy@abspage=\count276
\c@Item=\count277
\c@Hfootnote=\count278
)
Package hyperref Info: Driver (autodetected): hxetex.
 (hxetex.def
File: hxetex.def 2022-02-21 v7.00n Hyperref driver for XeTeX

(stringenc.sty
Package: stringenc 2019/11/29 v1.12 Convert strings between diff. encodings (HO
)
)
\pdfm@box=\box51
\c@Hy@AnnotLevel=\count279
\HyField@AnnotCount=\count280
\Fld@listcount=\count281
\c@bookmark@seq@number=\count282
 (rerunfilecheck.sty
Package: rerunfilecheck 2019/12/05 v1.9 Rerun checks for auxiliary files (HO)
 (atveryend-ltx.sty
Package: atveryend-ltx 2020/08/19 v1.0a Emulation of the original atveryend pac
kage
with kernel methods
) (uniquecounter.sty
Package: uniquecounter 2019/12/15 v1.4 Provide unlimited unique counter (HO)
)
Package uniquecounter Info: New unique counter `rerunfilecheck' on input line 2
86.
)
\Hy@SectionHShift=\skip52
)
Package hyperref Info: Option `colorlinks' set `true' on input line 305.
)
(times.sty
Package: times 2020/03/25 PSNFSS-v9.3 (SPQR) 
) (latexsym.sty
Package: latexsym 1998/08/17 v2.2e Standard LaTeX package (lasy symbols)
\symlasy=\mathgroup4
LaTeX Font Info:    Overwriting symbol font `lasy' in version `bold'
(Font)                  U/lasy/m/n --> U/lasy/b/n on input line 52.
) (fontenc.sty
Package: fontenc 2021/04/29 v2.0v Standard LaTeX package
LaTeX Font Info:    Trying to load font information for T1+ptm on input line 11
2.
 (t1ptm.fd
File: t1ptm.fd 2001/06/04 font definitions for T1/ptm.
)) (inputenc.sty
Package: inputenc 2021/02/14 v1.3d Input encoding file
\inpenc@prehook=\toks19
\inpenc@posthook=\toks20


Package inputenc Warning: inputenc package ignored with utf8 based engines.

) (microtype.sty
Package: microtype 2022/03/14 v3.0d Micro-typographical refinements (RS)
\MT@toks=\toks21
\MT@tempbox=\box52
\MT@count=\count283
LaTeX Info: Redefining \noprotrusionifhmode on input line 1027.
LaTeX Info: Redefining \leftprotrusion on input line 1028.
LaTeX Info: Redefining \rightprotrusion on input line 1036.
LaTeX Info: Redefining \textls on input line 1195.
\MT@outer@kern=\dimen164
LaTeX Info: Redefining \textmicrotypecontext on input line 1781.
\MT@listname@count=\count284
 (microtype-xetex.def
File: microtype-xetex.def 2022/03/14 v3.0d Definitions specific to xetex (RS)
LaTeX Info: Redefining \lsstyle on input line 236.
)
Package microtype Info: Loading configuration file microtype.cfg.
 (microtype.cfg
File: microtype.cfg 2022/03/14 v3.0d microtype main configuration file (RS)
)) (graphicx.sty
Package: graphicx 2021/09/16 v1.2d Enhanced LaTeX Graphics (DPC,SPQR)

(graphics.sty
Package: graphics 2021/03/04 v1.4d Standard LaTeX Graphics (DPC,SPQR)
 (trig.sty
Package: trig 2021/08/11 v1.11 sin cos tan (DPC)
) (graphics.cfg
File: graphics.cfg 2016/06/04 v1.11 sample graphics configuration
)
Package graphics Info: Driver file: xetex.def on input line 107.
)
\Gin@req@height=\dimen165
\Gin@req@width=\dimen166
) (tikz.sty (pgf.sty (pgfrcs.sty
(pgfutil-common.tex
\pgfutil@everybye=\toks22
\pgfutil@tempdima=\dimen167
\pgfutil@tempdimb=\dimen168
 (pgfutil-common-lists.tex)) (pgfutil-latex.def
\pgfutil@abb=\box53
)
(pgfrcs.code.tex (pgf.revision.tex)
Package: pgfrcs 2021/05/15 v3.1.9a (3.1.9a)
))
Package: pgf 2021/05/15 v3.1.9a (3.1.9a)
 (pgfcore.sty (pgfsys.sty (pgfsys.code.tex
Package: pgfsys 2021/05/15 v3.1.9a (3.1.9a)
(pgfkeys.code.tex
\pgfkeys@pathtoks=\toks23
\pgfkeys@temptoks=\toks24
 (pgfkeysfiltered.code.tex
\pgfkeys@tmptoks=\toks25
))
\pgf@x=\dimen169
\pgf@y=\dimen170
\pgf@xa=\dimen171
\pgf@ya=\dimen172
\pgf@xb=\dimen173
\pgf@yb=\dimen174
\pgf@xc=\dimen175
\pgf@yc=\dimen176
\pgf@xd=\dimen177
\pgf@yd=\dimen178
\w@pgf@writea=\write3
\r@pgf@reada=\read2
\c@pgf@counta=\count285
\c@pgf@countb=\count286
\c@pgf@countc=\count287
\c@pgf@countd=\count288
\t@pgf@toka=\toks26
\t@pgf@tokb=\toks27
\t@pgf@tokc=\toks28
\pgf@sys@id@count=\count289
 (pgf.cfg
File: pgf.cfg 2021/05/15 v3.1.9a (3.1.9a)
)
Driver file for pgf: pgfsys-xetex.def
 (pgfsys-xetex.def
File: pgfsys-xetex.def 2021/05/15 v3.1.9a (3.1.9a)

(pgfsys-dvipdfmx.def
File: pgfsys-dvipdfmx.def 2021/05/15 v3.1.9a (3.1.9a)
 (pgfsys-common-pdf.def
File: pgfsys-common-pdf.def 2021/05/15 v3.1.9a (3.1.9a)
)
\pgfsys@objnum=\count290
))) (pgfsyssoftpath.code.tex
File: pgfsyssoftpath.code.tex 2021/05/15 v3.1.9a (3.1.9a)
\pgfsyssoftpath@smallbuffer@items=\count291
\pgfsyssoftpath@bigbuffer@items=\count292
)
(pgfsysprotocol.code.tex
File: pgfsysprotocol.code.tex 2021/05/15 v3.1.9a (3.1.9a)
)) (pgfcore.code.tex
Package: pgfcore 2021/05/15 v3.1.9a (3.1.9a)
 (pgfmath.code.tex
(pgfmathcalc.code.tex (pgfmathutil.code.tex) (pgfmathparser.code.tex
\pgfmath@dimen=\dimen179
\pgfmath@count=\count293
\pgfmath@box=\box54
\pgfmath@toks=\toks29
\pgfmath@stack@operand=\toks30
\pgfmath@stack@operation=\toks31
)
(pgfmathfunctions.code.tex (pgfmathfunctions.basic.code.tex)
(pgfmathfunctions.trigonometric.code.tex) (pgfmathfunctions.random.code.tex)
(pgfmathfunctions.comparison.code.tex) (pgfmathfunctions.base.code.tex)
(pgfmathfunctions.round.code.tex) (pgfmathfunctions.misc.code.tex)
(pgfmathfunctions.integerarithmetics.code.tex))) (pgfmathfloat.code.tex
\c@pgfmathroundto@lastzeros=\count294
))
(pgfint.code.tex) (pgfcorepoints.code.tex
File: pgfcorepoints.code.tex 2021/05/15 v3.1.9a (3.1.9a)
\pgf@picminx=\dimen180
\pgf@picmaxx=\dimen181
\pgf@picminy=\dimen182
\pgf@picmaxy=\dimen183
\pgf@pathminx=\dimen184
\pgf@pathmaxx=\dimen185
\pgf@pathminy=\dimen186
\pgf@pathmaxy=\dimen187
\pgf@xx=\dimen188
\pgf@xy=\dimen189
\pgf@yx=\dimen190
\pgf@yy=\dimen191
\pgf@zx=\dimen192
\pgf@zy=\dimen193
) (pgfcorepathconstruct.code.tex
File: pgfcorepathconstruct.code.tex 2021/05/15 v3.1.9a (3.1.9a)
\pgf@path@lastx=\dimen194
\pgf@path@lasty=\dimen195
)
(pgfcorepathusage.code.tex
File: pgfcorepathusage.code.tex 2021/05/15 v3.1.9a (3.1.9a)
\pgf@shorten@end@additional=\dimen196
\pgf@shorten@start@additional=\dimen197
) (pgfcorescopes.code.tex
File: pgfcorescopes.code.tex 2021/05/15 v3.1.9a (3.1.9a)
\pgfpic=\box55
\pgf@hbox=\box56
\pgf@layerbox@main=\box57
\pgf@picture@serial@count=\count295
)
(pgfcoregraphicstate.code.tex
File: pgfcoregraphicstate.code.tex 2021/05/15 v3.1.9a (3.1.9a)
\pgflinewidth=\dimen198
) (pgfcoretransformations.code.tex
File: pgfcoretransformations.code.tex 2021/05/15 v3.1.9a (3.1.9a)
\pgf@pt@x=\dimen199
\pgf@pt@y=\dimen256
\pgf@pt@temp=\dimen257
)
(pgfcorequick.code.tex
File: pgfcorequick.code.tex 2021/05/15 v3.1.9a (3.1.9a)
) (pgfcoreobjects.code.tex
File: pgfcoreobjects.code.tex 2021/05/15 v3.1.9a (3.1.9a)
)
(pgfcorepathprocessing.code.tex
File: pgfcorepathprocessing.code.tex 2021/05/15 v3.1.9a (3.1.9a)
) (pgfcorearrows.code.tex
File: pgfcorearrows.code.tex 2021/05/15 v3.1.9a (3.1.9a)
\pgfarrowsep=\dimen258
)
(pgfcoreshade.code.tex
File: pgfcoreshade.code.tex 2021/05/15 v3.1.9a (3.1.9a)
\pgf@max=\dimen259
\pgf@sys@shading@range@num=\count296
\pgf@shadingcount=\count297
) (pgfcoreimage.code.tex
File: pgfcoreimage.code.tex 2021/05/15 v3.1.9a (3.1.9a)
 (pgfcoreexternal.code.tex
File: pgfcoreexternal.code.tex 2021/05/15 v3.1.9a (3.1.9a)
\pgfexternal@startupbox=\box58
))
(pgfcorelayers.code.tex
File: pgfcorelayers.code.tex 2021/05/15 v3.1.9a (3.1.9a)
) (pgfcoretransparency.code.tex
File: pgfcoretransparency.code.tex 2021/05/15 v3.1.9a (3.1.9a)
)
(pgfcorepatterns.code.tex
File: pgfcorepatterns.code.tex 2021/05/15 v3.1.9a (3.1.9a)
) (pgfcorerdf.code.tex
File: pgfcorerdf.code.tex 2021/05/15 v3.1.9a (3.1.9a)
))) (pgfmoduleshapes.code.tex
File: pgfmoduleshapes.code.tex 2021/05/15 v3.1.9a (3.1.9a)
\pgfnodeparttextbox=\box59
)
(pgfmoduleplot.code.tex
File: pgfmoduleplot.code.tex 2021/05/15 v3.1.9a (3.1.9a)
) (pgfcomp-version-0-65.sty
Package: pgfcomp-version-0-65 2021/05/15 v3.1.9a (3.1.9a)
\pgf@nodesepstart=\dimen260
\pgf@nodesepend=\dimen261
) (pgfcomp-version-1-18.sty
Package: pgfcomp-version-1-18 2021/05/15 v3.1.9a (3.1.9a)
)) (pgffor.sty (pgfkeys.sty (pgfkeys.code.tex)) (pgfmath.sty (pgfmath.code.tex)
)
(pgffor.code.tex
Package: pgffor 2021/05/15 v3.1.9a (3.1.9a)
 (pgfmath.code.tex)
\pgffor@iter=\dimen262
\pgffor@skip=\dimen263
\pgffor@stack=\toks32
\pgffor@toks=\toks33
)) (tikz.code.tex
Package: tikz 2021/05/15 v3.1.9a (3.1.9a)

(pgflibraryplothandlers.code.tex
File: pgflibraryplothandlers.code.tex 2021/05/15 v3.1.9a (3.1.9a)
\pgf@plot@mark@count=\count298
\pgfplotmarksize=\dimen264
)
\tikz@lastx=\dimen265
\tikz@lasty=\dimen266
\tikz@lastxsaved=\dimen267
\tikz@lastysaved=\dimen268
\tikz@lastmovetox=\dimen269
\tikz@lastmovetoy=\dimen270
\tikzleveldistance=\dimen271
\tikzsiblingdistance=\dimen272
\tikz@figbox=\box60
\tikz@figbox@bg=\box61
\tikz@tempbox=\box62
\tikz@tempbox@bg=\box63
\tikztreelevel=\count299
\tikznumberofchildren=\count300
\tikznumberofcurrentchild=\count301
\tikz@fig@count=\count302
 (pgfmodulematrix.code.tex
File: pgfmodulematrix.code.tex 2021/05/15 v3.1.9a (3.1.9a)
\pgfmatrixcurrentrow=\count303
\pgfmatrixcurrentcolumn=\count304
\pgf@matrix@numberofcolumns=\count305
)
\tikz@expandcount=\count306

(tikzlibrarytopaths.code.tex
File: tikzlibrarytopaths.code.tex 2021/05/15 v3.1.9a (3.1.9a)
))) (pgflibraryarrows.meta.code.tex
File: pgflibraryarrows.meta.code.tex 2021/05/15 v3.1.9a (3.1.9a)
\pgfarrowinset=\dimen273
\pgfarrowlength=\dimen274
\pgfarrowwidth=\dimen275
\pgfarrowlinewidth=\dimen276
)
(tikzlibrarypositioning.code.tex
File: tikzlibrarypositioning.code.tex 2021/05/15 v3.1.9a (3.1.9a)
) (booktabs.sty
Package: booktabs 2020/01/12 v1.61803398 Publication quality tables
\heavyrulewidth=\dimen277
\lightrulewidth=\dimen278
\cmidrulewidth=\dimen279
\belowrulesep=\dimen280
\belowbottomsep=\dimen281
\aboverulesep=\dimen282
\abovetopsep=\dimen283
\cmidrulesep=\dimen284
\cmidrulekern=\dimen285
\defaultaddspace=\dimen286
\@cmidla=\count307
\@cmidlb=\count308
\@aboverulesep=\dimen287
\@belowrulesep=\dimen288
\@thisruleclass=\count309
\@lastruleclass=\count310
\@thisrulewidth=\dimen289
) (amsmath.sty
Package: amsmath 2021/10/15 v2.17l AMS math features
\@mathmargin=\skip53

For additional information on amsmath, use the `?' option.
(amstext.sty
Package: amstext 2021/08/26 v2.01 AMS text
 (amsgen.sty
File: amsgen.sty 1999/11/30 v2.0 generic functions
\@emptytoks=\toks34
\ex@=\dimen290
)) (amsbsy.sty
Package: amsbsy 1999/11/29 v1.2d Bold Symbols
\pmbraise@=\dimen291
) (amsopn.sty
Package: amsopn 2021/08/26 v2.02 operator names
)
\inf@bad=\count311
LaTeX Info: Redefining \frac on input line 234.
\uproot@=\count312
\leftroot@=\count313
LaTeX Info: Redefining \overline on input line 399.
\classnum@=\count314
\DOTSCASE@=\count315
LaTeX Info: Redefining \ldots on input line 496.
LaTeX Info: Redefining \dots on input line 499.
LaTeX Info: Redefining \cdots on input line 620.
\Mathstrutbox@=\box64
\strutbox@=\box65
\big@size=\dimen292
LaTeX Font Info:    Redeclaring font encoding OML on input line 743.
LaTeX Font Info:    Redeclaring font encoding OMS on input line 744.
\macc@depth=\count316
\c@MaxMatrixCols=\count317
\dotsspace@=\muskip17
\c@parentequation=\count318
\dspbrk@lvl=\count319
\tag@help=\toks35
\row@=\count320
\column@=\count321
\maxfields@=\count322
\andhelp@=\toks36
\eqnshift@=\dimen293
\alignsep@=\dimen294
\tagshift@=\dimen295
\tagwidth@=\dimen296
\totwidth@=\dimen297
\lineht@=\dimen298
\@envbody=\toks37
\multlinegap=\skip54
\multlinetaggap=\skip55
\mathdisplay@stack=\toks38
LaTeX Info: Redefining \[ on input line 2938.
LaTeX Info: Redefining \] on input line 2939.
) (amssymb.sty
Package: amssymb 2013/01/14 v3.01 AMS font symbols

(amsfonts.sty
Package: amsfonts 2013/01/14 v3.01 Basic AMSFonts support
\symAMSa=\mathgroup5
\symAMSb=\mathgroup6
LaTeX Font Info:    Redeclaring math symbol \hbar on input line 98.
LaTeX Font Info:    Overwriting math alphabet `\mathfrak' in version `bold'
(Font)                  U/euf/m/n --> U/euf/b/n on input line 106.
)) (tabularx.sty
Package: tabularx 2020/01/15 v2.11c `tabularx' package (DPC)
 (array.sty
Package: array 2021/10/04 v2.5f Tabular extension package (FMi)
\col@sep=\dimen299
\ar@mcellbox=\box66
\extrarowheight=\dimen300
\NC@list=\toks39
\extratabsurround=\skip56
\backup@length=\skip57
\ar@cellbox=\box67
)
\TX@col@width=\dimen301
\TX@old@table=\dimen302
\TX@old@col=\dimen303
\TX@target=\dimen304
\TX@delta=\dimen305
\TX@cols=\count323
\TX@ftn=\toks40
) (float.sty
Package: float 2001/11/08 v1.3d Float enhancements (AL)
\c@float@type=\count324
\float@exts=\toks41
\float@box=\box68
\@float@everytoks=\toks42
\@floatcapt=\box69
) (tcolorbox.sty
Package: tcolorbox 2022/01/07 version 5.0.2 text color boxes

(verbatim.sty
Package: verbatim 2020-07-07 v1.5u LaTeX2e package for verbatim enhancements
\every@verbatim=\toks43
\verbatim@line=\toks44
\verbatim@in@stream=\read3
) (environ.sty
Package: environ 2014/05/04 v0.3 A new way to define environments
 (trimspaces.sty
Package: trimspaces 2009/09/17 v1.1 Trim spaces around a token list
))
\tcb@titlebox=\box70
\tcb@upperbox=\box71
\tcb@lowerbox=\box72
\tcb@phantombox=\box73
\c@tcbbreakpart=\count325
\c@tcblayer=\count326
\c@tcolorbox@number=\count327
\tcb@temp=\box74
\tcb@temp=\box75
\tcb@temp=\box76
\tcb@temp=\box77
 (tcbraster.code.tex
Library (tcolorbox): 'tcbraster.code.tex' version '5.0.2'
\c@tcbrastercolumn=\count328
\c@tcbrasterrow=\count329
\c@tcbrasternum=\count330
\c@tcbraster=\count331
) (tcbskins.code.tex
Library (tcolorbox): 'tcbskins.code.tex' version '5.0.2'
\tcb@waterbox=\box78
(tcbskinsjigsaw.code.tex
Library (tcolorbox): 'tcbskinsjigsaw.code.tex' version '5.0.2'
)) (tcbbreakable.code.tex
Library (tcolorbox): 'tcbbreakable.code.tex' version '5.0.2'
(pdfcol.sty
Package: pdfcol 2019/12/29 v1.6 Handle new color stacks for pdfTeX (HO)
Package pdfcol Info: Interface disabled because of missing PDF mode of pdfTeX.
)
Package pdfcol Info: pdfTeX's color stacks are not available.
\tcb@testbox=\box79
\tcb@totalupperbox=\box80
\tcb@totallowerbox=\box81
) (tcbhooks.code.tex
Library (tcolorbox): 'tcbhooks.code.tex' version '5.0.2'
) (tcbtheorems.code.tex
Library (tcolorbox): 'tcbtheorems.code.tex' version '5.0.2'
) (tcbfitting.code.tex
Library (tcolorbox): 'tcbfitting.code.tex' version '5.0.2'
\tcbfitdim=\dimen306
\tcb@lowerfitdim=\dimen307
\tcb@upperfitdim=\dimen308
\tcb@cur@hbadness=\count332
) (tcbxparse.code.tex
Library (tcolorbox): 'tcbxparse.code.tex' version '5.0.2'
(xparse.sty (expl3.sty
Package: expl3 2022-02-24 L3 programming layer (loader) 
 (l3backend-xetex.def
File: l3backend-xetex.def 2022-02-07 L3 backend support: XeTeX
\c__kernel_sys_dvipdfmx_version_int=\count333
\l__color_backend_stack_int=\count334
\g__color_backend_stack_int=\count335
\g__graphics_track_int=\count336
\l__pdf_internal_box=\box82
\g__pdf_backend_object_int=\count337
\g__pdf_backend_annotation_int=\count338
\g__pdf_backend_link_int=\count339
))
Package: xparse 2022-01-12 L3 Experimental document command parser
)) (tcblistingsutf8.code.tex
Library (tcolorbox): 'tcblistingsutf8.code.tex' version '5.0.2'
(tcblistings.code.tex
Library (tcolorbox): 'tcblistings.code.tex' version '5.0.2'
(listings.sty
\lst@mode=\count340
\lst@gtempboxa=\box83
\lst@token=\toks45
\lst@length=\count341
\lst@currlwidth=\dimen309
\lst@column=\count342
\lst@pos=\count343
\lst@lostspace=\dimen310
\lst@width=\dimen311
\lst@newlines=\count344
\lst@lineno=\count345
\lst@maxwidth=\dimen312
 (lstmisc.sty
File: lstmisc.sty 2020/03/24 1.8d (Carsten Heinz)
\c@lstnumber=\count346
\lst@skipnumbers=\count347
\lst@framebox=\box84
) (listings.cfg
File: listings.cfg 2020/03/24 1.8d listings configuration
))
Package: listings 2020/03/24 1.8d (Carsten Heinz)
 (tcblistingscore.code.tex
Library (tcolorbox): 'tcblistingscore.code.tex' version '5.0.2'
(tcbprocessing.code.tex
Library (tcolorbox): 'tcbprocessing.code.tex' version '5.0.2'
(shellesc.sty
Package: shellesc 2019/11/08 v1.0c unified shell escape interface for LaTeX


Package shellesc Warning: Shell escape disabled on input line 73.

))
\c@tcblisting=\count348
))
Package tcolorbox Info: Library `listingsutf8' is compatible with pdftex only. 
Library `listings` is loaded instead. on input line 29.
) (tcbexternal.code.tex
Library (tcolorbox): 'tcbexternal.code.tex' version '5.0.2'
) (tcbmagazine.code.tex
Library (tcolorbox): 'tcbmagazine.code.tex' version '5.0.2'
) (tcbvignette.code.tex
Library (tcolorbox): 'tcbvignette.code.tex' version '5.0.2'
(tikzlibraryfadings.code.tex
File: tikzlibraryfadings.code.tex 2021/05/15 v3.1.9a (3.1.9a)
 (pgflibraryfadings.code.tex
File: pgflibraryfadings.code.tex 2021/05/15 v3.1.9a (3.1.9a)
))) (tcbposter.code.tex
Library (tcolorbox): 'tcbposter.code.tex' version '5.0.2'
)) (alphalph.sty
Package: alphalph 2019/12/09 v2.6 Convert numbers to letters (HO)
) (colortbl.sty
Package: colortbl 2020/01/04 v1.0e Color table columns (DPC)
\everycr=\toks46
\minrowclearance=\skip58
) (main_temp.aux)
\openout1 = `main_temp.aux'.

LaTeX Font Info:    Checking defaults for OML/cmm/m/it on input line 52.
LaTeX Font Info:    ... okay on input line 52.
LaTeX Font Info:    Checking defaults for OMS/cmsy/m/n on input line 52.
LaTeX Font Info:    ... okay on input line 52.
LaTeX Font Info:    Checking defaults for OT1/cmr/m/n on input line 52.
LaTeX Font Info:    ... okay on input line 52.
LaTeX Font Info:    Checking defaults for T1/cmr/m/n on input line 52.
LaTeX Font Info:    ... okay on input line 52.
LaTeX Font Info:    Checking defaults for TS1/cmr/m/n on input line 52.
LaTeX Font Info:    Trying to load font information for TS1+cmr on input line 5
2.
 (ts1cmr.fd
File: ts1cmr.fd 2019/12/16 v2.5j Standard LaTeX font definitions
)
LaTeX Font Info:    ... okay on input line 52.
LaTeX Font Info:    Checking defaults for TU/lmr/m/n on input line 52.
LaTeX Font Info:    ... okay on input line 52.
LaTeX Font Info:    Checking defaults for OMX/cmex/m/n on input line 52.
LaTeX Font Info:    ... okay on input line 52.
LaTeX Font Info:    Checking defaults for U/cmr/m/n on input line 52.
LaTeX Font Info:    ... okay on input line 52.
LaTeX Font Info:    Checking defaults for PD1/pdf/m/n on input line 52.
LaTeX Font Info:    ... okay on input line 52.
LaTeX Font Info:    Checking defaults for PU/pdf/m/n on input line 52.
LaTeX Font Info:    ... okay on input line 52.

*geometry* driver: auto-detecting
*geometry* detected driver: xetex
*geometry* verbose mode - [ preamble ] result:
* driver: xetex
* paper: a4paper
* layout: <same size as paper>
* layoutoffset:(h,v)=(0.0pt,0.0pt)
* modes: heightrounded 
* h-part:(L,W,R)=(71.13188pt, 455.24411pt, 71.13188pt)
* v-part:(T,H,B)=(71.13188pt, 702.78308pt, 71.13188pt)
* \paperwidth=597.50787pt
* \paperheight=845.04684pt
* \textwidth=455.24411pt
* \textheight=704.60031pt
* \oddsidemargin=-1.1381pt
* \evensidemargin=-1.1381pt
* \topmargin=-38.1381pt
* \headheight=12.0pt
* \headsep=25.0pt
* \topskip=11.0pt
* \footskip=30.0pt
* \marginparwidth=59.0pt
* \marginparsep=10.0pt
* \columnsep=17.07182pt
* \skip\footins=9.0pt plus 4.0pt minus 2.0pt
* \hoffset=0.0pt
* \voffset=0.0pt
* \mag=1000
* \@twocolumntrue
* \@twosidefalse
* \@mparswitchfalse
* \@reversemarginfalse
* (1in=72.27pt=25.4mm, 1cm=28.453pt)

Package caption Info: Begin \AtBeginDocument code.
Package caption Info: float package is loaded.
Package caption Info: hyperref package is loaded.
Package caption Info: listings package is loaded.
Package caption Info: End \AtBeginDocument code.
Package hyperref Info: Link coloring OFF on input line 52.
(nameref.sty
Package: nameref 2021-04-02 v2.47 Cross-referencing by name of section
 (refcount.sty
Package: refcount 2019/12/15 v3.6 Data extraction from label references (HO)
) (gettitlestring.sty
Package: gettitlestring 2019/12/15 v1.6 Cleanup title references (HO)
)
\c@section@level=\count349
)
LaTeX Info: Redefining \ref on input line 52.
LaTeX Info: Redefining \pageref on input line 52.
LaTeX Info: Redefining \nameref on input line 52.
 (main_temp.out)
(main_temp.out)
\@outlinefile=\write4
\openout4 = `main_temp.out'.

LaTeX Info: Redefining \microtypecontext on input line 52.
Package microtype Info: Applying patch `item' on input line 52.
Package microtype Info: Applying patch `toc' on input line 52.
Package microtype Info: Applying patch `eqnum' on input line 52.
Package microtype Info: Applying patch `footnote' on input line 52.
Package microtype Info: Character protrusion enabled (level 2).
Package microtype Info: Using default protrusion set `alltext'.
Package microtype Info: No adjustment of tracking.
Package microtype Info: No adjustment of spacing.
Package microtype Info: No adjustment of kerning.
 (mt-ptm.cfg
File: mt-ptm.cfg 2006/04/20 v1.7 microtype config. file: Times (RS)
)
\c@lstlisting=\count350
 (mt-cmr.cfg
File: mt-cmr.cfg 2013/05/19 v2.2 microtype config. file: Computer Modern Roman 
(RS)
)
LaTeX Font Info:    Trying to load font information for U+lasy on input line 53
.
 (ulasy.fd
File: ulasy.fd 1998/08/17 v2.2e LaTeX symbol font definitions
)
LaTeX Font Info:    Trying to load font information for U+msa on input line 53.

 (umsa.fd
File: umsa.fd 2013/01/14 v3.01 AMS symbols A
) (mt-msa.cfg
File: mt-msa.cfg 2006/02/04 v1.1 microtype config. file: AMS symbols (a) (RS)
)
LaTeX Font Info:    Trying to load font information for U+msb on input line 53.


(umsb.fd
File: umsb.fd 2013/01/14 v3.01 AMS symbols B
) (mt-msb.cfg
File: mt-msb.cfg 2005/06/01 v1.0 microtype config. file: AMS symbols (b) (RS)
) (body
Underfull \hbox (badness 2359) in paragraph at lines 2--12
[]\T1/ptm/m/n/10 We study sexual-content gen-er-a-tion un-der
 []


Underfull \hbox (badness 1769) in paragraph at lines 26--36
[]\T1/ptm/m/n/10 To mea-sure such out-comes, we in-tro-duce
 []


Underfull \hbox (badness 1824) in paragraph at lines 42--51
\T1/ptm/m/n/10.95 ([]Rom-bach et al.[], []2022[]; []Sa-haria et al.[], []2022[]
;
 []


Underfull \hbox (badness 1796) in paragraph at lines 42--51
\T1/ptm/m/n/10.95 con-tent dur-ing sam-pling ([]Schramowski et al.[],
 []

[1



]
File: assets/ukiyoe_nudenet_Z14.png Graphic file (type bmp)
<assets/ukiyoe_nudenet_Z14.png>

Underfull \hbox (badness 2042) in paragraph at lines 160--175
\T1/ptm/m/n/10.95 et al.[], []2024c[]), Ring-A-Bell re-cov-ers concept-
 []


Underfull \hbox (badness 2393) in paragraph at lines 160--175
\T1/ptm/m/n/10.95 eliciting prompts ([]Tsai et al.[], []2024[]), MMA-
 []

[2]
Underfull \vbox (badness 10000) has occurred while \output is active []

File: assets/benchmark_transfer.pdf Graphic file (type pdf)
<use assets/benchmark_transfer.pdf>

Missing character: There is no — ("2014) in font ptmr8t!

Underfull \vbox (badness 10000) has occurred while \output is active []

 [3]
Missing character: There is no — ("2014) in font ptmr8t!

Underfull \hbox (badness 10000) in paragraph at lines 248--249
[]\T1/ptm/m/n/10.95 The cri-te-ria them-selves are mis-aligned:
 []


Underfull \hbox (badness 2469) in paragraph at lines 248--249
\T1/ptm/m/n/10.95 NudeNet lo-cal-izes anatom-i-cal re-gions ([]notAI-
 []


Underfull \hbox (badness 2680) in paragraph at lines 248--249
\T1/ptm/m/n/10.95 ([]Ope-nAI[], []2026a[]); the two mea-sure dif-fer-ent
 []


Underfull \hbox (badness 1635) in paragraph at lines 248--249
\T1/ptm/m/n/10.95 pre-vi-ously re-ported suc-cess rates fall to near
 []


Underfull \hbox (badness 1546) in paragraph at lines 248--249
[]\T1/ptm/m/n/10.95 2026[]). Fig-ure []1[] demon-strates the de-tec-tor's
 []


Underfull \vbox (badness 3302) has occurred while \output is active []


Underfull \vbox (badness 10000) has occurred while \output is active []

 [4]
Missing character: There is no — ("2014) in font ptmr8t!
Missing character: There is no — ("2014) in font ptmr8t!
LaTeX Font Info:    Trying to load font information for T1+pcr on input line 25
9.
(t1pcr.fd
File: t1pcr.fd 2001/06/04 font definitions for T1/pcr.
)
Package microtype Info: Loading generic protrusion settings for font family
(microtype)             `pcr' (encoding: T1).
(microtype)             For optimal results, create family-specific settings.
(microtype)             See the microtype manual for details.
 [5]
Missing character: There is no — ("2014) in font ptmr8t!
[6]
File: assets/method_seated.png Graphic file (type bmp)
<assets/method_seated.png>
File: assets/method_side.png Graphic file (type bmp)
<assets/method_side.png>
File: assets/method_knee.png Graphic file (type bmp)
<assets/method_knee.png>
File: assets/method_halftone_T11.png Graphic file (type bmp)
<assets/method_halftone_T11.png>
File: assets/inception_layers.pdf Graphic file (type pdf)
<use assets/inception_layers.pdf>
 [7] [8]
Underfull \hbox (badness 7777) in paragraph at lines 493--493
[]|\T1/ptm/m/n/9 Lying with one knee
 []


Underfull \hbox (badness 1147) in paragraph at lines 498--499
\T1/ptm/m/n/10.95 se-lected studio-sheet and framed-work out-puts
 []


Underfull \hbox (badness 2285) in paragraph at lines 502--503
\T1/ptm/m/n/10.95 The ma-te-rial com-par-i-son first fixes a studio-
 []


Underfull \hbox (badness 1867) in paragraph at lines 502--503
\T1/ptm/m/n/10.95 monochrome-manga ren-der-ing. It then fixes
 []


Underfull \vbox (badness 4726) has occurred while \output is active []

 [9]
Underfull \hbox (badness 1769) in paragraph at lines 533--534
\T1/ptm/m/n/10.95 twelve re-quests for each other strat-egy. Its
 []


Underfull \hbox (badness 2662) in paragraph at lines 533--534
\T1/ptm/m/n/10.95 reclined-sitting cell con-tains no saved im-age
 []


Underfull \vbox (badness 10000) has occurred while \output is active []

 [10])
[11

] (backmatter) (main_temp.bbl
Underfull \hbox (badness 1184) in paragraph at lines 12--17
\T1/ptm/m/n/10 fu-sion Mod-els by Find-ing Prob-lem-atic Prompts[].
 []


Underfull \hbox (badness 1009) in paragraph at lines 30--36
[]\T1/ptm/m/n/10 Alexandra Choulde-chova, A. Feder Cooper, Solon
 []


Underfull \hbox (badness 1635) in paragraph at lines 103--108
\T1/ptm/m/n/10 Red-teaming via it-er-a-tive strat-egy evo-lu-tion for
 []


Underfull \hbox (badness 2368) in paragraph at lines 103--108
\T1/ptm/m/n/10 mod-ern text-to-image mod-els[].  \T1/ptm/m/it/10 arXiv preprint

 []

[12

]
Underfull \hbox (badness 1603) in paragraph at lines 140--145
\T1/ptm/m/n/10 2026.  []Single-configuration at-tack suc-cess rate
 []


Underfull \hbox (badness 1132) in paragraph at lines 140--145
\T1/ptm/m/n/10 is not enough: Jail-break eval-u-a-tions should re-
 []


Underfull \hbox (badness 1067) in paragraph at lines 236--243
\T1/ptm/m/n/10 Deep Lan-guage Un-der-stand-ing[].  \T1/ptm/m/it/10 arXiv prepri
nt
 []


Underfull \hbox (badness 1769) in paragraph at lines 254--259
\T1/ptm/m/n/10 evolving paper-to-pipeline re-pro-duc-tion for text-
 []


Underfull \hbox (badness 2781) in paragraph at lines 254--259
\T1/ptm/m/n/10 to-image jail-break eval-u-a-tion[].  \T1/ptm/m/it/10 arXiv prep
rint
 []

[13]
Underfull \hbox (badness 4266) in paragraph at lines 312--319
\T1/ptm/m/n/10 Liu, Ta-moghna Saha, Dirichi Ike-Njoku, Jin-
 []


Underfull \hbox (badness 1394) in paragraph at lines 312--319
\T1/ptm/m/n/10 Palangi, Joon Baek, Rick Pereira, and Karthik
 []

) [14

] (appendix [15



]
Underfull \hbox (badness 1024) in paragraph at lines 127--128
\T1/ptm/m/n/10.95 category rubric. His-tor-i-cal drawn-human and
 []

[16


]
Underfull \hbox (badness 2376) in paragraph at lines 187--188
[]\T1/ptm/b/n/10.95 Visibility and con-fig-u-ra-tion re-main sep-a-
 []

[17


]
File: ..//figures/app_assessment.pdf Graphic file (type pdf)
<use ..//figures/app_assessment.pdf>
 [18


] [19


]
File: assets/benchmark_transfer.pdf Graphic file (type pdf)
<use assets/benchmark_transfer.pdf>

Underfull \hbox (badness 1584) in paragraph at lines 305--306
[]\T1/ptm/b/n/10.95 The com-par-i-son re-tains the bench-mark's
 []

[20


]
File: assets/method_seated.png Graphic file (type bmp)
<assets/method_seated.png>
File: assets/method_side.png Graphic file (type bmp)
<assets/method_side.png>
File: assets/method_knee.png Graphic file (type bmp)
<assets/method_knee.png>
 [21


] (appendix_selected
File: assets/selected/S004.png Graphic file (type bmp)
<assets/selected/S004.png>
File: assets/selected/C107.png Graphic file (type bmp)
<assets/selected/C107.png>
 [22


]
File: assets/selected/C126.png Graphic file (type bmp)
<assets/selected/C126.png>
File: assets/selected/C088.png Graphic file (type bmp)
<assets/selected/C088.png>
 [23

]
File: assets/selected/C025.png Graphic file (type bmp)
<assets/selected/C025.png>
File: assets/selected/C022.png Graphic file (type bmp)
<assets/selected/C022.png>
 [24

]
File: assets/selected/C006.png Graphic file (type bmp)
<assets/selected/C006.png>
File: assets/selected/C007.png Graphic file (type bmp)
<assets/selected/C007.png>
 [25

]
File: assets/selected/C019.png Graphic file (type bmp)
<assets/selected/C019.png>
 [26

]
Missing character: There is no 汉 ("6C49) in font ptmr8t!
Missing character: There is no 库 ("5E93) in font ptmr8t!
Missing character: There is no 克 ("514B) in font ptmr8t!
[27

]
Missing character: There is no 汉 ("6C49) in font ptmr8t!
Missing character: There is no 库 ("5E93) in font ptmr8t!
Missing character: There is no 克 ("514B) in font ptmr8t!
[28

]
Missing character: There is no 汉 ("6C49) in font ptmr8t!
Missing character: There is no 库 ("5E93) in font ptmr8t!
Missing character: There is no 克 ("514B) in font ptmr8t!
[29

]
Missing character: There is no 汉 ("6C49) in font ptmr8t!
Missing character: There is no 库 ("5E93) in font ptmr8t!
Missing character: There is no 克 ("514B) in font ptmr8t!
Missing character: There is no 汉 ("6C49) in font ptmr8t!
Missing character: There is no 库 ("5E93) in font ptmr8t!
Missing character: There is no 克 ("514B) in font ptmr8t!
) [30

]
File: ..//figures/src/R5_w1_waxwork.png Graphic file (type bmp)
<..//figures/src/R5_w1_waxwork.png>
File: ..//figures/src/R3_c2_control_paper_fan.png Graphic file (type bmp)
<..//figures/src/R3_c2_control_paper_fan.png>
File: ..//figures/src/sf_figure_full.png Graphic file (type bmp)
<..//figures/src/sf_figure_full.png>
File: ..//figures/src/statue_full.png Graphic file (type bmp)
<..//figures/src/statue_full.png>
 [31


]
File: ..//figures/app_rendering.pdf Graphic file (type pdf)
<use ..//figures/app_rendering.pdf>

Underfull \hbox (badness 4303) in paragraph at lines 424--425
[]\T1/ptm/b/n/10.95 Rendering and car-rier are sep-a-rate re-
 []

[32


]
File: ..//figures/context_comparison.pdf Graphic file (type pdf)
<use ..//figures/context_comparison.pdf>
 [33


]
File: ..//figures/app_components.pdf Graphic file (type pdf)
<use ..//figures/app_components.pdf>
 [34


]
File: ..//figures/app_depth.pdf Graphic file (type pdf)
<use ..//figures/app_depth.pdf>
 [35


]
File: ..//figures/app_carrier.pdf Graphic file (type pdf)
<use ..//figures/app_carrier.pdf>
 [36


]
File: ..//figures/src/Z14.png Graphic file (type bmp)
<..//figures/src/Z14.png>
File: ..//figures/src/Z62.jpg Graphic file (type bmp)
<..//figures/src/Z62.jpg>
File: ..//figures/src/Z85.jpg Graphic file (type bmp)
<..//figures/src/Z85.jpg>
 [37


]
File: ..//figures/app_background.pdf Graphic file (type pdf)
<use ..//figures/app_background.pdf>

Underfull \hbox (badness 2359) in paragraph at lines 671--672
[]\T1/ptm/b/n/10.95 Localization dis-tin-guishes back-ground re-
 []

[38


]
File: ..//figures/app_presentation.pdf Graphic file (type pdf)
<use ..//figures/app_presentation.pdf>
 [39


]
File: ..//figures/app_repeat.pdf Graphic file (type pdf)
<use ..//figures/app_repeat.pdf>

Underfull \hbox (badness 6758) in paragraph at lines 759--760
[]\T1/ptm/b/n/10.95 Repeat agree-ment de-pends on the set-
 []


Underfull \hbox (badness 5133) in paragraph at lines 759--760
\T1/ptm/b/n/10.95 ting. \T1/ptm/m/n/10.95 The shuf-fled com-par-isons show no
 []

[40


]
File: ..//figures/app_noise.pdf Graphic file (type pdf)
<use ..//figures/app_noise.pdf>
 [41


]
File: ..//figures/app_clipping.pdf Graphic file (type pdf)
<use ..//figures/app_clipping.pdf>
 [42


] [43



]
Underfull \hbox (badness 1303) in paragraph at lines 892--893
\T1/ptm/m/n/10.95 Ev-ery-thing out-side the cen-tral fig-ure
 []

[44

]
Underfull \hbox (badness 1303) in paragraph at lines 902--903
\T1/ptm/m/n/10.95 Ev-ery-thing out-side the cen-tral fig-ure
 []

[45

]
Underfull \hbox (badness 1112) in paragraph at lines 912--913
\T1/ptm/m/n/10.95 in-side, dis-tinct from the sur-round-ing
 []


Underfull \hbox (badness 1303) in paragraph at lines 912--913
\T1/ptm/m/n/10.95 Ev-ery-thing out-side the cen-tral fig-ure
 []

[46

]
Underfull \hbox (badness 1484) in paragraph at lines 923--924
[]\T1/ptm/m/n/10.95 A rein-ter-pre-ta-tion of the work "The
 []


Underfull \hbox (badness 1728) in paragraph at lines 923--924
\T1/ptm/m/n/10.95 She has very long black hair, gold
 []


Underfull \hbox (badness 1484) in paragraph at lines 928--929
[]\T1/ptm/m/n/10.95 A rein-ter-pre-ta-tion of the work "The
 []


Underfull \hbox (badness 1484) in paragraph at lines 933--934
[]\T1/ptm/m/n/10.95 A rein-ter-pre-ta-tion of the work "The
 []

[47

] [48

]
Underfull \hbox (badness 4303) in paragraph at lines 963--964
[]\T1/ptm/m/n/10.95 A styled lifestyle pho-to-graph of a
 []


Underfull \hbox (badness 4303) in paragraph at lines 968--969
[]\T1/ptm/m/n/10.95 A styled lifestyle pho-to-graph of a
 []


Underfull \hbox (badness 4303) in paragraph at lines 973--974
[]\T1/ptm/m/n/10.95 A styled lifestyle pho-to-graph of a
 []

[49

]
Underfull \hbox (badness 1484) in paragraph at lines 983--984
[]\T1/ptm/m/n/10.95 A rein-ter-pre-ta-tion of the work "The
 []


Underfull \hbox (badness 1728) in paragraph at lines 983--984
\T1/ptm/m/n/10.95 She has very long black hair, gold
 []


Underfull \hbox (badness 1112) in paragraph at lines 983--984
\T1/ptm/m/n/10.95 ure, full length head to feet, seated
 []


Underfull \hbox (badness 1024) in paragraph at lines 983--984
\T1/ptm/m/n/10.95 ried out along the plate and opened
 []


Underfull \hbox (badness 1484) in paragraph at lines 988--989
[]\T1/ptm/m/n/10.95 A rein-ter-pre-ta-tion of the work "The
 []


Underfull \hbox (badness 1484) in paragraph at lines 993--994
[]\T1/ptm/m/n/10.95 A rein-ter-pre-ta-tion of the work "The
 []

[50

] [51


]
File: assets/method_halftone_T11.png Graphic file (type bmp)
<assets/method_halftone_T11.png>
 (appendix_side_prompt [52



]
Underfull \hbox (badness 1552) in paragraph at lines 27--28
[]\T1/ptm/m/n/10.95 Batches \T1/pcr/m/n/10.95 runs81\T1/ptm/m/n/10.95 --\T1/pcr
/m/n/10.95 runs88 \T1/ptm/m/n/10.95 use $\T1/pcr/m/n/10.95 /v1 / images / gener
ations$ \T1/ptm/m/n/10.95 with \T1/pcr/m/n/10.95 model=gpt-image-2\T1/ptm/m/n/1
0.95 .
 []


Underfull \hbox (badness 1210) in paragraph at lines 27--28
\T1/ptm/m/n/10.95 Batches \T1/pcr/m/n/10.95 runs194a \T1/ptm/m/n/10.95 and \T1/
pcr/m/n/10.95 runs194b \T1/ptm/m/n/10.95 use the gen-er-a-tion task end-point $
\T1/pcr/m/n/10.95 /api / image-[]tasks /
 []

Missing character: There is no 汉 ("6C49) in font ptmr8t!
Missing character: There is no 库 ("5E93) in font ptmr8t!
Missing character: There is no 克 ("514B) in font ptmr8t!
[53


]
File: assets/side_prompt/runs81_S2_r1.png Graphic file (type bmp)
<assets/side_prompt/runs81_S2_r1.png>
File: assets/side_prompt/runs81_S2_r2.png Graphic file (type bmp)
<assets/side_prompt/runs81_S2_r2.png>
File: assets/side_prompt/runs81_S2_r3.png Graphic file (type bmp)
<assets/side_prompt/runs81_S2_r3.png>
File: assets/side_prompt/runs87_S2_r1.png Graphic file (type bmp)
<assets/side_prompt/runs87_S2_r1.png>
 [54

]
File: assets/side_prompt/runs87_S2_r2.png Graphic file (type bmp)
<assets/side_prompt/runs87_S2_r2.png>
File: assets/side_prompt/runs88_D4_r2.png Graphic file (type bmp)
<assets/side_prompt/runs88_D4_r2.png>
File: assets/side_prompt/runs88_D4_r3.png Graphic file (type bmp)
<assets/side_prompt/runs88_D4_r3.png>
File: assets/side_prompt/runs88_D4_r4.png Graphic file (type bmp)
<assets/side_prompt/runs88_D4_r4.png>
 [55

]
File: assets/side_prompt/runs88_S2_r2.png Graphic file (type bmp)
<assets/side_prompt/runs88_S2_r2.png>
File: assets/side_prompt/runs194b_SIDE_r2.png Graphic file (type bmp)
<assets/side_prompt/runs194b_SIDE_r2.png>
File: assets/side_prompt/runs194b_SIDE_r3.png Graphic file (type bmp)
<assets/side_prompt/runs194b_SIDE_r3.png>
File: assets/side_prompt/runs194b_SIDE_r4.png Graphic file (type bmp)
<assets/side_prompt/runs194b_SIDE_r4.png>
 [56

]
File: assets/side_prompt/runs194b_SIDE_r5.png Graphic file (type bmp)
<assets/side_prompt/runs194b_SIDE_r5.png>
)) [57

] (main_temp.aux)
Package rerunfilecheck Info: File `main_temp.out' has not changed.
(rerunfilecheck)             Checksum: E395E4B50E7C470F7F3429233613E73E;12151.
 )
Output written on main_temp.xdv (57 pages, 500608 bytes).
